Parsing ISCAS Format... done.
Parsing commands file... done.
J-Frontier
$

J-Frontier
16
$

D-Frontier
$

X-PATH
$

Circuit State
1: 1
10: DBAR
11: X
16: 1
19: X
2: X
22: D
23: X
3: 1
6: X
7: X
$

